// Jest Snapshot v1, https://goo.gl/fbAQLP

exports[`Rendering basic demo screen renders correctly 1`] = `
<View
  style={
    Object {
      "alignItems": "center",
      "backgroundColor": "#F2E6C2",
      "flex": 1,
      "justifyContent": "center",
    }
  }
>
  <Text
    style={
      Object {
        "color": "#002942",
        "fontSize": 40,
      }
    }
  >
    Hello
  </Text>
  <Text
    style={
      Object {
        "color": "#5F6B6E",
        "fontSize": 25,
        "padding": 30,
        "paddingTop": 5,
      }
    }
  >
    Hello this is the subtitle text that I will be putting in here
  </Text>
</View>
`;
